// Jest Snapshot v1, https://goo.gl/fbAQLP

exports[`Book component test 1`] = `
<li>
  <div
    className="book"
  >
    <div
      className="book-top"
    >
      <div
        className="book-cover"
        style={
          Object {
            "backgroundImage": "url(http://books.google.com/books/content?id=nggnmAEACAAJ&printsec=frontcover&img=1&zoom=5&source=gbs_api)",
            "height": 193,
            "width": 128,
          }
        }
      />
      <div
        className="book-shelf-changer"
      >
        <select
          data-testid="select"
          onChange={[Function]}
          value="currentlyReading"
        >
          <option
            disabled={true}
            value="move"
          >
            Move to...
          </option>
          <option
            value="currentlyReading"
          >
            Currently Reading
          </option>
          <option
            value="wantToRead"
          >
            Want to Read
          </option>
          <option
            value="read"
          >
            Read
          </option>
          <option
            value="none"
          >
            None
          </option>
        </select>
      </div>
    </div>
    <div
      className="book-title"
      data-testid="book-title"
    >
      The Linux Command Line
    </div>
    <div
      className="book-authors"
    >
      <span>
        William E. Shotts, Jr.
        
      </span>
    </div>
    <div
      className="book-authors"
    >
      <strong
        data-testid="book-shelf"
      >
        currentlyReading
      </strong>
    </div>
  </div>
</li>
`;
